Browserslist: browsers data (caniuse-lite) is 10 months old. Please run:
  npx update-browserslist-db@latest
  Why you should do it regularly: https://github.com/browserslist/update-db#readme
[1m[33m[plugin:vite:resolve][39m[22m [33m[plugin vite:resolve] Module "crypto" has been externalized for browser compatibility, imported by "C:/Users/Lenovo/Desktop/ebenes/node_modules/html-to-docx/dist/html-to-docx.esm.js". See https://vite.dev/guide/troubleshooting.html#module-externalized-for-browser-compatibility for more details.[39m
[1m[33m[plugin:vite:resolve][39m[22m [33m[plugin vite:resolve] Module "fs" has been externalized for browser compatibility, imported by "C:/Users/Lenovo/Desktop/ebenes/node_modules/html-to-docx/dist/html-to-docx.esm.js". See https://vite.dev/guide/troubleshooting.html#module-externalized-for-browser-compatibility for more details.[39m
[1m[33m[plugin:vite:resolve][39m[22m [33m[plugin vite:resolve] Module "path" has been externalized for browser compatibility, imported by "C:/Users/Lenovo/Desktop/ebenes/node_modules/html-to-docx/dist/html-to-docx.esm.js". See https://vite.dev/guide/troubleshooting.html#module-externalized-for-browser-compatibility for more details.[39m
[1m[33m[plugin:vite:resolve][39m[22m [33m[plugin vite:resolve] Module "util" has been externalized for browser compatibility, imported by "C:/Users/Lenovo/Desktop/ebenes/node_modules/html-to-docx/dist/html-to-docx.esm.js". See https://vite.dev/guide/troubleshooting.html#module-externalized-for-browser-compatibility for more details.[39m
[1m[33m[plugin:vite:resolve][39m[22m [33m[plugin vite:resolve] Module "events" has been externalized for browser compatibility, imported by "C:/Users/Lenovo/Desktop/ebenes/node_modules/html-to-docx/dist/html-to-docx.esm.js". See https://vite.dev/guide/troubleshooting.html#module-externalized-for-browser-compatibility for more details.[39m
[1m[33m[plugin:vite:resolve][39m[22m [33m[plugin vite:resolve] Module "stream" has been externalized for browser compatibility, imported by "C:/Users/Lenovo/Desktop/ebenes/node_modules/html-to-docx/dist/html-to-docx.esm.js". See https://vite.dev/guide/troubleshooting.html#module-externalized-for-browser-compatibility for more details.[39m
[1m[33m[plugin:vite:resolve][39m[22m [33m[plugin vite:resolve] Module "http" has been externalized for browser compatibility, imported by "C:/Users/Lenovo/Desktop/ebenes/node_modules/html-to-docx/dist/html-to-docx.esm.js". See https://vite.dev/guide/troubleshooting.html#module-externalized-for-browser-compatibility for more details.[39m
[1m[33m[plugin:vite:resolve][39m[22m [33m[plugin vite:resolve] Module "url" has been externalized for browser compatibility, imported by "C:/Users/Lenovo/Desktop/ebenes/node_modules/html-to-docx/dist/html-to-docx.esm.js". See https://vite.dev/guide/troubleshooting.html#module-externalized-for-browser-compatibility for more details.[39m
[1m[33m[plugin:vite:resolve][39m[22m [33m[plugin vite:resolve] Module "https" has been externalized for browser compatibility, imported by "C:/Users/Lenovo/Desktop/ebenes/node_modules/html-to-docx/dist/html-to-docx.esm.js". See https://vite.dev/guide/troubleshooting.html#module-externalized-for-browser-compatibility for more details.[39m
[1m[33m[plugin:vite:resolve][39m[22m [33m[plugin vite:resolve] Module "zlib" has been externalized for browser compatibility, imported by "C:/Users/Lenovo/Desktop/ebenes/node_modules/html-to-docx/dist/html-to-docx.esm.js". See https://vite.dev/guide/troubleshooting.html#module-externalized-for-browser-compatibility for more details.[39m
[1m[33m[plugin:vite:resolve][39m[22m [33m[plugin vite:resolve] Module "util" has been externalized for browser compatibility, imported by "C:/Users/Lenovo/Desktop/ebenes/node_modules/xmlbuilder2/lib/index.js". See https://vite.dev/guide/troubleshooting.html#module-externalized-for-browser-compatibility for more details.[39m
[1m[33m[plugin:vite:resolve][39m[22m [33m[plugin vite:resolve] Module "util" has been externalized for browser compatibility, imported by "C:/Users/Lenovo/Desktop/ebenes/node_modules/xmlbuilder2/lib/builder/dom.js". See https://vite.dev/guide/troubleshooting.html#module-externalized-for-browser-compatibility for more details.[39m
[1m[33m[plugin:vite:resolve][39m[22m [33m[plugin vite:resolve] Module "events" has been externalized for browser compatibility, imported by "C:/Users/Lenovo/Desktop/ebenes/node_modules/xmlbuilder2/lib/builder/XMLBuilderCBImpl.js". See https://vite.dev/guide/troubleshooting.html#module-externalized-for-browser-compatibility for more details.[39m
[1m[33m[plugin:vite:resolve][39m[22m [33m[plugin vite:resolve] Module "events" has been externalized for browser compatibility, imported by "C:/Users/Lenovo/Desktop/ebenes/node_modules/htmlparser2/lib/Parser.js". See https://vite.dev/guide/troubleshooting.html#module-externalized-for-browser-compatibility for more details.[39m
[1m[33m[plugin:vite:resolve][39m[22m [33m[plugin vite:resolve] Module "buffer" has been externalized for browser compatibility, imported by "C:/Users/Lenovo/Desktop/ebenes/node_modules/htmlparser2/lib/WritableStream.js". See https://vite.dev/guide/troubleshooting.html#module-externalized-for-browser-compatibility for more details.[39m
[1m[33m[plugin:vite:resolve][39m[22m [33m[plugin vite:resolve] Module "url" has been externalized for browser compatibility, imported by "C:/Users/Lenovo/Desktop/ebenes/node_modules/@oozcitak/url/lib/URLAlgorithm.js". See https://vite.dev/guide/troubleshooting.html#module-externalized-for-browser-compatibility for more details.[39m
[1m[33m[plugin:vite:resolve][39m[22m [33m[plugin vite:resolve] Module "buffer" has been externalized for browser compatibility, imported by "C:/Users/Lenovo/Desktop/ebenes/node_modules/safe-buffer/index.js". See https://vite.dev/guide/troubleshooting.html#module-externalized-for-browser-compatibility for more details.[39m
[33m
(!) Some chunks are larger than 500 kB after minification. Consider:
- Using dynamic import() to code-split the application
- Use build.rollupOptions.output.manualChunks to improve chunking: https://rollupjs.org/configuration-options/#output-manualchunks
- Adjust chunk size limit for this warning via build.chunkSizeWarningLimit.[39m
